// Jest Snapshot v1, https://goo.gl/fbAQLP

exports[`renders <Logo /> correctly 1`] = `
Array [
  <h1
    className="title logo"
  >
    <span
      className="logo-left"
    >
      Open
    </span>
    Law
  </h1>,
  <h2
    className="subtitle"
  >
    Next generation 
    <b>
      smart
    </b>
     legal agreements.
  </h2>,
]
`;
